// Jest Snapshot v1, https://goo.gl/fbAQLP

exports[`Comment component renders a comment passed in as props 1`] = `
<tr>
  <td
    colSpan="2"
  />
  <td>
    <form
      action="comment"
      method="post"
    >
      <input
        name="parent"
        type="hidden"
        value="15237896"
      />
      <input
        name="goto"
        type="hidden"
        value="item?id=15237896"
      />
      <input
        name="hmac"
        type="hidden"
        value="02641d0660c89c1a83ccf0d171e42497d10d2135"
      />
      <textarea
        cols="60"
        name="text"
        rows="6"
      />
      <br />
      <br />
      <input
        type="submit"
        value="add comment"
      />
    </form>
  </td>
</tr>
`;

exports[`Comment component renders at different indentation levels 1`] = `
<tr>
  <td
    colSpan="2"
  />
  <td>
    <form
      action="comment"
      method="post"
    >
      <input
        name="parent"
        type="hidden"
        value="15237896"
      />
      <input
        name="goto"
        type="hidden"
        value="item?id=15237896"
      />
      <input
        name="hmac"
        type="hidden"
        value="02641d0660c89c1a83ccf0d171e42497d10d2135"
      />
      <textarea
        cols="60"
        name="text"
        rows="6"
      />
      <br />
      <br />
      <input
        type="submit"
        value="add comment"
      />
    </form>
  </td>
</tr>
`;

exports[`Comment component shallow renders 1`] = `
<tr>
  <td
    colSpan="2"
  />
  <td>
    <form
      action="comment"
      method="post"
    >
      <input
        name="parent"
        type="hidden"
        value="15237896"
      />
      <input
        name="goto"
        type="hidden"
        value="item?id=15237896"
      />
      <input
        name="hmac"
        type="hidden"
        value="02641d0660c89c1a83ccf0d171e42497d10d2135"
      />
      <textarea
        cols="60"
        name="text"
        rows="6"
      />
      <br />
      <br />
      <input
        type="submit"
        value="add comment"
      />
    </form>
  </td>
</tr>
`;
