// Jest Snapshot v1, https://goo.gl/fbAQLP

exports[`NewsTitle component renders news item properties passed in as props 1`] = `
<tr
  className="athing"
  id={1224}
>
  <td
    className="title"
    style={
      Object {
        "textAlign": "right",
        "verticalAlign": "top",
      }
    }
  >
    <span
      className="rank"
    >
      1.
    </span>
  </td>
  <td
    className="votelinks"
    style={
      Object {
        "verticalAlign": "top",
      }
    }
  >
    <center>
      <a
        className=" "
        href="javascript:void(0)"
        onClick={[Function]}
      >
        <div
          className="votearrow"
          title="upvote"
        />
      </a>
    </center>
  </td>
  <td
    className="title"
  >
    <a
      className="storylink"
      href="https://www.nytimes.com/2017/08/04/education/edlife/learning-how-to-learn-barbara-oakley.html?hpw&rref=education&action=click&pgtype=Homepage&module=well-region&region=bottom-well&WT.nav=bottom-well"
    >
      “Learning How to Learn,” the most popular course on Coursera
    </a>
    <span
      className="sitebit comhead"
    >
       (
      <a
        href="from?site=www.nytimes.com"
      >
        <span
          className="sitestr"
        >
          www.nytimes.com
        </span>
      </a>
      )
    </span>
  </td>
</tr>
`;
