// Jest Snapshot v1, https://goo.gl/fbAQLP

exports[`NewsFeed component renders news items passed in as props 1`] = `
<tr>
  <td
    style={
      Object {
        "padding": "0px",
      }
    }
  >
    <table
      className="itemlist"
      style={
        Object {
          "border": "0px",
          "borderCollapse": "collapse",
          "borderSpacing": "0px",
          "padding": "0px",
        }
      }
    >
      <tbody>
        <Apollo(NewsTitle)
          commentCount={44}
          comments={Array []}
          creationTime={1504740146516}
          hidden={false}
          hiddenCount={0}
          hides={Array []}
          id={1224}
          isRankVisible={true}
          isUpvoteVisible={true}
          key="1224title"
          rank={1}
          submitterId="hvo"
          text={null}
          title="“Learning How to Learn,” the most popular course on Coursera"
          upvoteCount={171}
          upvoted={false}
          upvotes={Array []}
          url="https://www.nytimes.com/2017/08/04/education/edlife/learning-how-to-learn-barbara-oakley.html?hpw&rref=education&action=click&pgtype=Homepage&module=well-region&region=bottom-well&WT.nav=bottom-well"
        />
        <Apollo(NewsDetail)
          commentCount={44}
          comments={Array []}
          creationTime={1504740146516}
          hidden={false}
          hiddenCount={0}
          hides={Array []}
          id={1224}
          isFavoriteVisible={false}
          isJobListing={false}
          isPostScrutinyVisible={false}
          key="1224detail"
          submitterId="hvo"
          text={null}
          title="“Learning How to Learn,” the most popular course on Coursera"
          upvoteCount={171}
          upvoted={false}
          upvotes={Array []}
          url="https://www.nytimes.com/2017/08/04/education/edlife/learning-how-to-learn-barbara-oakley.html?hpw&rref=education&action=click&pgtype=Homepage&module=well-region&region=bottom-well&WT.nav=bottom-well"
        />
        <tr
          className="spacer"
          key="1224spacer"
          style={
            Object {
              "height": 5,
            }
          }
        />
        <Apollo(NewsTitle)
          commentCount={38}
          comments={Array []}
          creationTime={1504740146516}
          hidden={false}
          hiddenCount={0}
          hides={Array []}
          id={1225}
          isRankVisible={true}
          isUpvoteVisible={true}
          key="1225title"
          rank={2}
          submitterId="luu"
          text={null}
          title="Weird Python Integers"
          upvoteCount={125}
          upvoted={false}
          upvotes={Array []}
          url="https://kate.io/blog/2017/08/22/weird-python-integers/"
        />
        <Apollo(NewsDetail)
          commentCount={38}
          comments={Array []}
          creationTime={1504740146516}
          hidden={false}
          hiddenCount={0}
          hides={Array []}
          id={1225}
          isFavoriteVisible={false}
          isJobListing={false}
          isPostScrutinyVisible={false}
          key="1225detail"
          submitterId="luu"
          text={null}
          title="Weird Python Integers"
          upvoteCount={125}
          upvoted={false}
          upvotes={Array []}
          url="https://kate.io/blog/2017/08/22/weird-python-integers/"
        />
        <tr
          className="spacer"
          key="1225spacer"
          style={
            Object {
              "height": 5,
            }
          }
        />
        <Apollo(NewsTitle)
          commentCount={101}
          comments={Array []}
          creationTime={1504740146516}
          hidden={false}
          hiddenCount={0}
          hides={Array []}
          id={1226}
          isRankVisible={true}
          isUpvoteVisible={true}
          key="1226title"
          rank={3}
          submitterId="aLee"
          text={null}
          title="I spent my career in tech and wasn’t prepared for its effect on my kids"
          upvoteCount={90}
          upvoted={false}
          upvotes={Array []}
          url="https://www.nytimes.com/2017/08/04/education/edlife/learning-how-to-learn-barbara-oakley.html?hpw&rref=education&action=click&pgtype=Homepage&module=well-region&region=bottom-well&WT.nav=bottom-well"
        />
        <Apollo(NewsDetail)
          commentCount={101}
          comments={Array []}
          creationTime={1504740146516}
          hidden={false}
          hiddenCount={0}
          hides={Array []}
          id={1226}
          isFavoriteVisible={false}
          isJobListing={false}
          isPostScrutinyVisible={false}
          key="1226detail"
          submitterId="aLee"
          text={null}
          title="I spent my career in tech and wasn’t prepared for its effect on my kids"
          upvoteCount={90}
          upvoted={false}
          upvotes={Array []}
          url="https://www.nytimes.com/2017/08/04/education/edlife/learning-how-to-learn-barbara-oakley.html?hpw&rref=education&action=click&pgtype=Homepage&module=well-region&region=bottom-well&WT.nav=bottom-well"
        />
        <tr
          className="spacer"
          key="1226spacer"
          style={
            Object {
              "height": 5,
            }
          }
        />
        <Apollo(NewsTitle)
          commentCount={0}
          comments={Array []}
          creationTime={1504740146516}
          hidden={false}
          hiddenCount={0}
          hides={Array []}
          id={1222}
          isRankVisible={true}
          isUpvoteVisible={true}
          key="1222title"
          rank={4}
          submitterId="clintonwoo"
          text={null}
          title="Clinton wins again"
          upvoteCount={122}
          upvotes={
            Array [
              "clintonwoo",
              "john",
            ]
          }
          url="https://www.shavelikeaboss.com.au"
        />
        <Apollo(NewsDetail)
          commentCount={0}
          comments={Array []}
          creationTime={1504740146516}
          hidden={false}
          hiddenCount={0}
          hides={Array []}
          id={1222}
          isFavoriteVisible={false}
          isJobListing={false}
          isPostScrutinyVisible={false}
          key="1222detail"
          submitterId="clintonwoo"
          text={null}
          title="Clinton wins again"
          upvoteCount={122}
          upvotes={
            Array [
              "clintonwoo",
              "john",
            ]
          }
          url="https://www.shavelikeaboss.com.au"
        />
        <tr
          className="spacer"
          key="1222spacer"
          style={
            Object {
              "height": 5,
            }
          }
        />
        <Apollo(NewsTitle)
          commentCount={1}
          comments={
            Array [
              123331,
            ]
          }
          creationTime={1504740146516}
          hidden={false}
          hiddenCount={0}
          hides={Array []}
          id={1223}
          isRankVisible={true}
          isUpvoteVisible={true}
          key="1223title"
          rank={5}
          submitterId="john"
          text="It's unbelievable."
          title="Clinton wins yet another time"
          upvoteCount={20}
          upvotes={Array []}
          url={null}
        />
        <Apollo(NewsDetail)
          commentCount={1}
          comments={
            Array [
              123331,
            ]
          }
          creationTime={1504740146516}
          hidden={false}
          hiddenCount={0}
          hides={Array []}
          id={1223}
          isFavoriteVisible={false}
          isJobListing={false}
          isPostScrutinyVisible={false}
          key="1223detail"
          submitterId="john"
          text="It's unbelievable."
          title="Clinton wins yet another time"
          upvoteCount={20}
          upvotes={Array []}
          url={null}
        />
        <tr
          className="spacer"
          key="1223spacer"
          style={
            Object {
              "height": 5,
            }
          }
        />
        <Apollo(NewsTitle)
          commentCount={44}
          comments={Array []}
          creationTime={1504740146516}
          hidden={false}
          hiddenCount={0}
          hides={Array []}
          id={1227}
          isRankVisible={true}
          isUpvoteVisible={true}
          key="1227title"
          rank={6}
          submitterId="hvo"
          text={null}
          title="Water Found Deep Inside the Moon"
          upvoteCount={455}
          upvoted={false}
          upvotes={Array []}
          url="https://www.nytimes.com/2017/08/04/education/edlife/learning-how-to-learn-barbara-oakley.html?hpw&rref=education&action=click&pgtype=Homepage&module=well-region&region=bottom-well&WT.nav=bottom-well"
        />
        <Apollo(NewsDetail)
          commentCount={44}
          comments={Array []}
          creationTime={1504740146516}
          hidden={false}
          hiddenCount={0}
          hides={Array []}
          id={1227}
          isFavoriteVisible={false}
          isJobListing={false}
          isPostScrutinyVisible={false}
          key="1227detail"
          submitterId="hvo"
          text={null}
          title="Water Found Deep Inside the Moon"
          upvoteCount={455}
          upvoted={false}
          upvotes={Array []}
          url="https://www.nytimes.com/2017/08/04/education/edlife/learning-how-to-learn-barbara-oakley.html?hpw&rref=education&action=click&pgtype=Homepage&module=well-region&region=bottom-well&WT.nav=bottom-well"
        />
        <tr
          className="spacer"
          key="1227spacer"
          style={
            Object {
              "height": 5,
            }
          }
        />
        <Apollo(NewsTitle)
          commentCount={44}
          comments={Array []}
          creationTime={1504740146516}
          hidden={false}
          hiddenCount={0}
          hides={Array []}
          id={1228}
          isRankVisible={true}
          isUpvoteVisible={true}
          key="1228title"
          rank={7}
          submitterId="hvo"
          text={null}
          title="How did “Handbook for Mortals” get on the NYT bestseller list?"
          upvoteCount={331}
          upvoted={false}
          upvotes={Array []}
          url="https://www.nytimes.com/2017/08/04/education/edlife/learning-how-to-learn-barbara-oakley.html?hpw&rref=education&action=click&pgtype=Homepage&module=well-region&region=bottom-well&WT.nav=bottom-well"
        />
        <Apollo(NewsDetail)
          commentCount={44}
          comments={Array []}
          creationTime={1504740146516}
          hidden={false}
          hiddenCount={0}
          hides={Array []}
          id={1228}
          isFavoriteVisible={false}
          isJobListing={false}
          isPostScrutinyVisible={false}
          key="1228detail"
          submitterId="hvo"
          text={null}
          title="How did “Handbook for Mortals” get on the NYT bestseller list?"
          upvoteCount={331}
          upvoted={false}
          upvotes={Array []}
          url="https://www.nytimes.com/2017/08/04/education/edlife/learning-how-to-learn-barbara-oakley.html?hpw&rref=education&action=click&pgtype=Homepage&module=well-region&region=bottom-well&WT.nav=bottom-well"
        />
        <tr
          className="spacer"
          key="1228spacer"
          style={
            Object {
              "height": 5,
            }
          }
        />
        <Apollo(NewsTitle)
          commentCount={44}
          comments={Array []}
          creationTime={1504740146516}
          hidden={false}
          hiddenCount={0}
          hides={Array []}
          id={1229}
          isRankVisible={true}
          isUpvoteVisible={true}
          key="1229title"
          rank={8}
          submitterId="hvo"
          text={null}
          title="Titan in depth: Security in plaintext"
          upvoteCount={171}
          upvoted={false}
          upvotes={Array []}
          url="https://www.nytimes.com/2017/08/04/education/edlife/learning-how-to-learn-barbara-oakley.html?hpw&rref=education&action=click&pgtype=Homepage&module=well-region&region=bottom-well&WT.nav=bottom-well"
        />
        <Apollo(NewsDetail)
          commentCount={44}
          comments={Array []}
          creationTime={1504740146516}
          hidden={false}
          hiddenCount={0}
          hides={Array []}
          id={1229}
          isFavoriteVisible={false}
          isJobListing={false}
          isPostScrutinyVisible={false}
          key="1229detail"
          submitterId="hvo"
          text={null}
          title="Titan in depth: Security in plaintext"
          upvoteCount={171}
          upvoted={false}
          upvotes={Array []}
          url="https://www.nytimes.com/2017/08/04/education/edlife/learning-how-to-learn-barbara-oakley.html?hpw&rref=education&action=click&pgtype=Homepage&module=well-region&region=bottom-well&WT.nav=bottom-well"
        />
        <tr
          className="spacer"
          key="1229spacer"
          style={
            Object {
              "height": 5,
            }
          }
        />
        <Apollo(NewsTitle)
          commentCount={44}
          comments={Array []}
          creationTime={1504740146516}
          hidden={false}
          hiddenCount={0}
          hides={Array []}
          id={1230}
          isRankVisible={true}
          isUpvoteVisible={true}
          key="1230title"
          rank={9}
          submitterId="hvo"
          text={null}
          title="The Librem 5: A Matrix-Native FLOSS Smartphone"
          upvoteCount={171}
          upvoted={false}
          upvotes={Array []}
          url="https://www.nytimes.com/2017/08/04/education/edlife/learning-how-to-learn-barbara-oakley.html?hpw&rref=education&action=click&pgtype=Homepage&module=well-region&region=bottom-well&WT.nav=bottom-well"
        />
        <Apollo(NewsDetail)
          commentCount={44}
          comments={Array []}
          creationTime={1504740146516}
          hidden={false}
          hiddenCount={0}
          hides={Array []}
          id={1230}
          isFavoriteVisible={false}
          isJobListing={false}
          isPostScrutinyVisible={false}
          key="1230detail"
          submitterId="hvo"
          text={null}
          title="The Librem 5: A Matrix-Native FLOSS Smartphone"
          upvoteCount={171}
          upvoted={false}
          upvotes={Array []}
          url="https://www.nytimes.com/2017/08/04/education/edlife/learning-how-to-learn-barbara-oakley.html?hpw&rref=education&action=click&pgtype=Homepage&module=well-region&region=bottom-well&WT.nav=bottom-well"
        />
        <tr
          className="spacer"
          key="1230spacer"
          style={
            Object {
              "height": 5,
            }
          }
        />
        <Apollo(NewsTitle)
          commentCount={44}
          comments={Array []}
          creationTime={1504740146516}
          hidden={false}
          hiddenCount={0}
          hides={Array []}
          id={1231}
          isRankVisible={true}
          isUpvoteVisible={true}
          key="1231title"
          rank={10}
          submitterId="hvo"
          text={null}
          title="Generic GPU Kernels in Julia"
          upvoteCount={171}
          upvoted={false}
          upvotes={Array []}
          url="https://www.nytimes.com/2017/08/04/education/edlife/learning-how-to-learn-barbara-oakley.html?hpw&rref=education&action=click&pgtype=Homepage&module=well-region&region=bottom-well&WT.nav=bottom-well"
        />
        <Apollo(NewsDetail)
          commentCount={44}
          comments={Array []}
          creationTime={1504740146516}
          hidden={false}
          hiddenCount={0}
          hides={Array []}
          id={1231}
          isFavoriteVisible={false}
          isJobListing={false}
          isPostScrutinyVisible={false}
          key="1231detail"
          submitterId="hvo"
          text={null}
          title="Generic GPU Kernels in Julia"
          upvoteCount={171}
          upvoted={false}
          upvotes={Array []}
          url="https://www.nytimes.com/2017/08/04/education/edlife/learning-how-to-learn-barbara-oakley.html?hpw&rref=education&action=click&pgtype=Homepage&module=well-region&region=bottom-well&WT.nav=bottom-well"
        />
        <tr
          className="spacer"
          key="1231spacer"
          style={
            Object {
              "height": 5,
            }
          }
        />
        <Apollo(NewsTitle)
          commentCount={44}
          comments={Array []}
          creationTime={1504740146516}
          hidden={false}
          hiddenCount={0}
          hides={Array []}
          id={1232}
          isRankVisible={true}
          isUpvoteVisible={true}
          key="1232title"
          rank={11}
          submitterId="hvo"
          text={null}
          title="VW Strike in Slovakia Exposes a European Divide"
          upvoteCount={171}
          upvoted={false}
          upvotes={Array []}
          url="https://www.nytimes.com/2017/08/04/education/edlife/learning-how-to-learn-barbara-oakley.html?hpw&rref=education&action=click&pgtype=Homepage&module=well-region&region=bottom-well&WT.nav=bottom-well"
        />
        <Apollo(NewsDetail)
          commentCount={44}
          comments={Array []}
          creationTime={1504740146516}
          hidden={false}
          hiddenCount={0}
          hides={Array []}
          id={1232}
          isFavoriteVisible={false}
          isJobListing={false}
          isPostScrutinyVisible={false}
          key="1232detail"
          submitterId="hvo"
          text={null}
          title="VW Strike in Slovakia Exposes a European Divide"
          upvoteCount={171}
          upvoted={false}
          upvotes={Array []}
          url="https://www.nytimes.com/2017/08/04/education/edlife/learning-how-to-learn-barbara-oakley.html?hpw&rref=education&action=click&pgtype=Homepage&module=well-region&region=bottom-well&WT.nav=bottom-well"
        />
        <tr
          className="spacer"
          key="1232spacer"
          style={
            Object {
              "height": 5,
            }
          }
        />
        <Apollo(NewsTitle)
          commentCount={44}
          comments={Array []}
          creationTime={1504740146516}
          hidden={false}
          hiddenCount={0}
          hides={Array []}
          id={1233}
          isRankVisible={true}
          isUpvoteVisible={true}
          key="1233title"
          rank={12}
          submitterId="hvo"
          text={null}
          title="Gtk-rs: The huge and long awaited release is finally here"
          upvoteCount={171}
          upvoted={false}
          upvotes={Array []}
          url="https://www.nytimes.com/2017/08/04/education/edlife/learning-how-to-learn-barbara-oakley.html?hpw&rref=education&action=click&pgtype=Homepage&module=well-region&region=bottom-well&WT.nav=bottom-well"
        />
        <Apollo(NewsDetail)
          commentCount={44}
          comments={Array []}
          creationTime={1504740146516}
          hidden={false}
          hiddenCount={0}
          hides={Array []}
          id={1233}
          isFavoriteVisible={false}
          isJobListing={false}
          isPostScrutinyVisible={false}
          key="1233detail"
          submitterId="hvo"
          text={null}
          title="Gtk-rs: The huge and long awaited release is finally here"
          upvoteCount={171}
          upvoted={false}
          upvotes={Array []}
          url="https://www.nytimes.com/2017/08/04/education/edlife/learning-how-to-learn-barbara-oakley.html?hpw&rref=education&action=click&pgtype=Homepage&module=well-region&region=bottom-well&WT.nav=bottom-well"
        />
        <tr
          className="spacer"
          key="1233spacer"
          style={
            Object {
              "height": 5,
            }
          }
        />
        <Apollo(NewsTitle)
          commentCount={44}
          comments={Array []}
          creationTime={1504740146516}
          hidden={false}
          hiddenCount={0}
          hides={Array []}
          id={1234}
          isRankVisible={true}
          isUpvoteVisible={true}
          key="1234title"
          rank={13}
          submitterId="hvo"
          text={null}
          title="Rich Hickey's Greatest Hits"
          upvoteCount={171}
          upvoted={false}
          upvotes={Array []}
          url="https://www.nytimes.com/2017/08/04/education/edlife/learning-how-to-learn-barbara-oakley.html?hpw&rref=education&action=click&pgtype=Homepage&module=well-region&region=bottom-well&WT.nav=bottom-well"
        />
        <Apollo(NewsDetail)
          commentCount={44}
          comments={Array []}
          creationTime={1504740146516}
          hidden={false}
          hiddenCount={0}
          hides={Array []}
          id={1234}
          isFavoriteVisible={false}
          isJobListing={false}
          isPostScrutinyVisible={false}
          key="1234detail"
          submitterId="hvo"
          text={null}
          title="Rich Hickey's Greatest Hits"
          upvoteCount={171}
          upvoted={false}
          upvotes={Array []}
          url="https://www.nytimes.com/2017/08/04/education/edlife/learning-how-to-learn-barbara-oakley.html?hpw&rref=education&action=click&pgtype=Homepage&module=well-region&region=bottom-well&WT.nav=bottom-well"
        />
        <tr
          className="spacer"
          key="1234spacer"
          style={
            Object {
              "height": 5,
            }
          }
        />
        <Apollo(NewsTitle)
          commentCount={44}
          comments={Array []}
          creationTime={1504740146516}
          hidden={false}
          hiddenCount={0}
          hides={Array []}
          id={1235}
          isRankVisible={true}
          isUpvoteVisible={true}
          key="1235title"
          rank={14}
          submitterId="hvo"
          text={null}
          title="Tesla’s Push to Build a Self-Driving Car Sparks Dissent Among Its Engineers"
          upvoteCount={171}
          upvoted={false}
          upvotes={Array []}
          url="https://www.nytimes.com/2017/08/04/education/edlife/learning-how-to-learn-barbara-oakley.html?hpw&rref=education&action=click&pgtype=Homepage&module=well-region&region=bottom-well&WT.nav=bottom-well"
        />
        <Apollo(NewsDetail)
          commentCount={44}
          comments={Array []}
          creationTime={1504740146516}
          hidden={false}
          hiddenCount={0}
          hides={Array []}
          id={1235}
          isFavoriteVisible={false}
          isJobListing={false}
          isPostScrutinyVisible={false}
          key="1235detail"
          submitterId="hvo"
          text={null}
          title="Tesla’s Push to Build a Self-Driving Car Sparks Dissent Among Its Engineers"
          upvoteCount={171}
          upvoted={false}
          upvotes={Array []}
          url="https://www.nytimes.com/2017/08/04/education/edlife/learning-how-to-learn-barbara-oakley.html?hpw&rref=education&action=click&pgtype=Homepage&module=well-region&region=bottom-well&WT.nav=bottom-well"
        />
        <tr
          className="spacer"
          key="1235spacer"
          style={
            Object {
              "height": 5,
            }
          }
        />
        <Apollo(NewsTitle)
          commentCount={44}
          comments={Array []}
          creationTime={1504740146516}
          hidden={false}
          hiddenCount={0}
          hides={Array []}
          id={1236}
          isRankVisible={true}
          isUpvoteVisible={true}
          key="1236title"
          rank={15}
          submitterId="hvo"
          text={null}
          title="How Redlining’s Racist Effects Lasted for Decades"
          upvoteCount={171}
          upvoted={false}
          upvotes={Array []}
          url="https://www.nytimes.com/2017/08/04/education/edlife/learning-how-to-learn-barbara-oakley.html?hpw&rref=education&action=click&pgtype=Homepage&module=well-region&region=bottom-well&WT.nav=bottom-well"
        />
        <Apollo(NewsDetail)
          commentCount={44}
          comments={Array []}
          creationTime={1504740146516}
          hidden={false}
          hiddenCount={0}
          hides={Array []}
          id={1236}
          isFavoriteVisible={false}
          isJobListing={false}
          isPostScrutinyVisible={false}
          key="1236detail"
          submitterId="hvo"
          text={null}
          title="How Redlining’s Racist Effects Lasted for Decades"
          upvoteCount={171}
          upvoted={false}
          upvotes={Array []}
          url="https://www.nytimes.com/2017/08/04/education/edlife/learning-how-to-learn-barbara-oakley.html?hpw&rref=education&action=click&pgtype=Homepage&module=well-region&region=bottom-well&WT.nav=bottom-well"
        />
        <tr
          className="spacer"
          key="1236spacer"
          style={
            Object {
              "height": 5,
            }
          }
        />
        <Apollo(NewsTitle)
          commentCount={44}
          comments={Array []}
          creationTime={1504740146516}
          hidden={false}
          hiddenCount={0}
          hides={Array []}
          id={1237}
          isRankVisible={true}
          isUpvoteVisible={true}
          key="1237title"
          rank={16}
          submitterId="hvo"
          text={null}
          title="Uber, Mired in Corporate Scandals, Sees Uptick in Bookings"
          upvoteCount={171}
          upvoted={false}
          upvotes={Array []}
          url="https://www.nytimes.com/2017/08/04/education/edlife/learning-how-to-learn-barbara-oakley.html?hpw&rref=education&action=click&pgtype=Homepage&module=well-region&region=bottom-well&WT.nav=bottom-well"
        />
        <Apollo(NewsDetail)
          commentCount={44}
          comments={Array []}
          creationTime={1504740146516}
          hidden={false}
          hiddenCount={0}
          hides={Array []}
          id={1237}
          isFavoriteVisible={false}
          isJobListing={false}
          isPostScrutinyVisible={false}
          key="1237detail"
          submitterId="hvo"
          text={null}
          title="Uber, Mired in Corporate Scandals, Sees Uptick in Bookings"
          upvoteCount={171}
          upvoted={false}
          upvotes={Array []}
          url="https://www.nytimes.com/2017/08/04/education/edlife/learning-how-to-learn-barbara-oakley.html?hpw&rref=education&action=click&pgtype=Homepage&module=well-region&region=bottom-well&WT.nav=bottom-well"
        />
        <tr
          className="spacer"
          key="1237spacer"
          style={
            Object {
              "height": 5,
            }
          }
        />
        <Apollo(NewsTitle)
          commentCount={44}
          comments={Array []}
          creationTime={1504740146516}
          hidden={false}
          hiddenCount={0}
          hides={Array []}
          id={1238}
          isRankVisible={true}
          isUpvoteVisible={true}
          key="1238title"
          rank={17}
          submitterId="hvo"
          text={null}
          title="Feather: Open-source icons"
          upvoteCount={171}
          upvoted={false}
          upvotes={Array []}
          url="https://www.nytimes.com/2017/08/04/education/edlife/learning-how-to-learn-barbara-oakley.html?hpw&rref=education&action=click&pgtype=Homepage&module=well-region&region=bottom-well&WT.nav=bottom-well"
        />
        <Apollo(NewsDetail)
          commentCount={44}
          comments={Array []}
          creationTime={1504740146516}
          hidden={false}
          hiddenCount={0}
          hides={Array []}
          id={1238}
          isFavoriteVisible={false}
          isJobListing={false}
          isPostScrutinyVisible={false}
          key="1238detail"
          submitterId="hvo"
          text={null}
          title="Feather: Open-source icons"
          upvoteCount={171}
          upvoted={false}
          upvotes={Array []}
          url="https://www.nytimes.com/2017/08/04/education/edlife/learning-how-to-learn-barbara-oakley.html?hpw&rref=education&action=click&pgtype=Homepage&module=well-region&region=bottom-well&WT.nav=bottom-well"
        />
        <tr
          className="spacer"
          key="1238spacer"
          style={
            Object {
              "height": 5,
            }
          }
        />
        <Apollo(NewsTitle)
          commentCount={44}
          comments={Array []}
          creationTime={1504740146516}
          hidden={false}
          hiddenCount={0}
          hides={Array []}
          id={1239}
          isRankVisible={true}
          isUpvoteVisible={true}
          key="1239title"
          rank={18}
          submitterId="hvo"
          text={null}
          title="Spacex Launch Webcast: Formosat-5 Mission"
          upvoteCount={171}
          upvoted={false}
          upvotes={Array []}
          url="https://www.nytimes.com/2017/08/04/education/edlife/learning-how-to-learn-barbara-oakley.html?hpw&rref=education&action=click&pgtype=Homepage&module=well-region&region=bottom-well&WT.nav=bottom-well"
        />
        <Apollo(NewsDetail)
          commentCount={44}
          comments={Array []}
          creationTime={1504740146516}
          hidden={false}
          hiddenCount={0}
          hides={Array []}
          id={1239}
          isFavoriteVisible={false}
          isJobListing={false}
          isPostScrutinyVisible={false}
          key="1239detail"
          submitterId="hvo"
          text={null}
          title="Spacex Launch Webcast: Formosat-5 Mission"
          upvoteCount={171}
          upvoted={false}
          upvotes={Array []}
          url="https://www.nytimes.com/2017/08/04/education/edlife/learning-how-to-learn-barbara-oakley.html?hpw&rref=education&action=click&pgtype=Homepage&module=well-region&region=bottom-well&WT.nav=bottom-well"
        />
        <tr
          className="spacer"
          key="1239spacer"
          style={
            Object {
              "height": 5,
            }
          }
        />
        <Apollo(NewsTitle)
          commentCount={44}
          comments={Array []}
          creationTime={1504740146516}
          hidden={false}
          hiddenCount={0}
          hides={Array []}
          id={1240}
          isRankVisible={true}
          isUpvoteVisible={true}
          key="1240title"
          rank={19}
          submitterId="hvo"
          text={null}
          title="Ask HN: What is your favorite CS paper?"
          upvoteCount={171}
          upvoted={false}
          upvotes={Array []}
          url="https://www.nytimes.com/2017/08/04/education/edlife/learning-how-to-learn-barbara-oakley.html?hpw&rref=education&action=click&pgtype=Homepage&module=well-region&region=bottom-well&WT.nav=bottom-well"
        />
        <Apollo(NewsDetail)
          commentCount={44}
          comments={Array []}
          creationTime={1504740146516}
          hidden={false}
          hiddenCount={0}
          hides={Array []}
          id={1240}
          isFavoriteVisible={false}
          isJobListing={false}
          isPostScrutinyVisible={false}
          key="1240detail"
          submitterId="hvo"
          text={null}
          title="Ask HN: What is your favorite CS paper?"
          upvoteCount={171}
          upvoted={false}
          upvotes={Array []}
          url="https://www.nytimes.com/2017/08/04/education/edlife/learning-how-to-learn-barbara-oakley.html?hpw&rref=education&action=click&pgtype=Homepage&module=well-region&region=bottom-well&WT.nav=bottom-well"
        />
        <tr
          className="spacer"
          key="1240spacer"
          style={
            Object {
              "height": 5,
            }
          }
        />
        <Apollo(NewsTitle)
          commentCount={44}
          comments={Array []}
          creationTime={1504740146516}
          hidden={false}
          hiddenCount={0}
          hides={Array []}
          id={1241}
          isRankVisible={true}
          isUpvoteVisible={true}
          key="1241title"
          rank={20}
          submitterId="hvo"
          text={null}
          title="Launch HN: Life Bot (YC S17) – Voice app to help with daily activities"
          upvoteCount={171}
          upvoted={false}
          upvotes={Array []}
          url="https://www.nytimes.com/2017/08/04/education/edlife/learning-how-to-learn-barbara-oakley.html?hpw&rref=education&action=click&pgtype=Homepage&module=well-region&region=bottom-well&WT.nav=bottom-well"
        />
        <Apollo(NewsDetail)
          commentCount={44}
          comments={Array []}
          creationTime={1504740146516}
          hidden={false}
          hiddenCount={0}
          hides={Array []}
          id={1241}
          isFavoriteVisible={false}
          isJobListing={false}
          isPostScrutinyVisible={false}
          key="1241detail"
          submitterId="hvo"
          text={null}
          title="Launch HN: Life Bot (YC S17) – Voice app to help with daily activities"
          upvoteCount={171}
          upvoted={false}
          upvotes={Array []}
          url="https://www.nytimes.com/2017/08/04/education/edlife/learning-how-to-learn-barbara-oakley.html?hpw&rref=education&action=click&pgtype=Homepage&module=well-region&region=bottom-well&WT.nav=bottom-well"
        />
        <tr
          className="spacer"
          key="1241spacer"
          style={
            Object {
              "height": 5,
            }
          }
        />
        <Apollo(NewsTitle)
          commentCount={44}
          comments={Array []}
          creationTime={1504740146516}
          hidden={false}
          hiddenCount={0}
          hides={Array []}
          id={1242}
          isRankVisible={true}
          isUpvoteVisible={true}
          key="1242title"
          rank={21}
          submitterId="hvo"
          text={null}
          title="Debian reproducibility statistics"
          upvoteCount={171}
          upvoted={false}
          upvotes={Array []}
          url="https://www.nytimes.com/2017/08/04/education/edlife/learning-how-to-learn-barbara-oakley.html?hpw&rref=education&action=click&pgtype=Homepage&module=well-region&region=bottom-well&WT.nav=bottom-well"
        />
        <Apollo(NewsDetail)
          commentCount={44}
          comments={Array []}
          creationTime={1504740146516}
          hidden={false}
          hiddenCount={0}
          hides={Array []}
          id={1242}
          isFavoriteVisible={false}
          isJobListing={false}
          isPostScrutinyVisible={false}
          key="1242detail"
          submitterId="hvo"
          text={null}
          title="Debian reproducibility statistics"
          upvoteCount={171}
          upvoted={false}
          upvotes={Array []}
          url="https://www.nytimes.com/2017/08/04/education/edlife/learning-how-to-learn-barbara-oakley.html?hpw&rref=education&action=click&pgtype=Homepage&module=well-region&region=bottom-well&WT.nav=bottom-well"
        />
        <tr
          className="spacer"
          key="1242spacer"
          style={
            Object {
              "height": 5,
            }
          }
        />
        <Apollo(NewsTitle)
          commentCount={44}
          comments={Array []}
          creationTime={1504740146516}
          hidden={false}
          hiddenCount={0}
          hides={Array []}
          id={1243}
          isRankVisible={true}
          isUpvoteVisible={true}
          key="1243title"
          rank={22}
          submitterId="hvo"
          text={null}
          title="The Scotsmen Who Invented Modernity"
          upvoteCount={171}
          upvoted={false}
          upvotes={Array []}
          url="https://www.nytimes.com/2017/08/04/education/edlife/learning-how-to-learn-barbara-oakley.html?hpw&rref=education&action=click&pgtype=Homepage&module=well-region&region=bottom-well&WT.nav=bottom-well"
        />
        <Apollo(NewsDetail)
          commentCount={44}
          comments={Array []}
          creationTime={1504740146516}
          hidden={false}
          hiddenCount={0}
          hides={Array []}
          id={1243}
          isFavoriteVisible={false}
          isJobListing={false}
          isPostScrutinyVisible={false}
          key="1243detail"
          submitterId="hvo"
          text={null}
          title="The Scotsmen Who Invented Modernity"
          upvoteCount={171}
          upvoted={false}
          upvotes={Array []}
          url="https://www.nytimes.com/2017/08/04/education/edlife/learning-how-to-learn-barbara-oakley.html?hpw&rref=education&action=click&pgtype=Homepage&module=well-region&region=bottom-well&WT.nav=bottom-well"
        />
        <tr
          className="spacer"
          key="1243spacer"
          style={
            Object {
              "height": 5,
            }
          }
        />
        <Apollo(NewsTitle)
          commentCount={44}
          comments={Array []}
          creationTime={1504740146516}
          hidden={false}
          hiddenCount={0}
          hides={Array []}
          id={1244}
          isRankVisible={true}
          isUpvoteVisible={true}
          key="1244title"
          rank={23}
          submitterId="hvo"
          text={null}
          title="Deterministic Browser"
          upvoteCount={171}
          upvoted={false}
          upvotes={Array []}
          url="https://www.nytimes.com/2017/08/04/education/edlife/learning-how-to-learn-barbara-oakley.html?hpw&rref=education&action=click&pgtype=Homepage&module=well-region&region=bottom-well&WT.nav=bottom-well"
        />
        <Apollo(NewsDetail)
          commentCount={44}
          comments={Array []}
          creationTime={1504740146516}
          hidden={false}
          hiddenCount={0}
          hides={Array []}
          id={1244}
          isFavoriteVisible={false}
          isJobListing={false}
          isPostScrutinyVisible={false}
          key="1244detail"
          submitterId="hvo"
          text={null}
          title="Deterministic Browser"
          upvoteCount={171}
          upvoted={false}
          upvotes={Array []}
          url="https://www.nytimes.com/2017/08/04/education/edlife/learning-how-to-learn-barbara-oakley.html?hpw&rref=education&action=click&pgtype=Homepage&module=well-region&region=bottom-well&WT.nav=bottom-well"
        />
        <tr
          className="spacer"
          key="1244spacer"
          style={
            Object {
              "height": 5,
            }
          }
        />
        <Apollo(NewsTitle)
          commentCount={44}
          comments={Array []}
          creationTime={1504740146516}
          hidden={false}
          hiddenCount={0}
          hides={Array []}
          id={1245}
          isRankVisible={true}
          isUpvoteVisible={true}
          key="1245title"
          rank={24}
          submitterId="hvo"
          text={null}
          title="Deep Learning for Siri’s Voice"
          upvoteCount={171}
          upvoted={false}
          upvotes={Array []}
          url="https://www.nytimes.com/2017/08/04/education/edlife/learning-how-to-learn-barbara-oakley.html?hpw&rref=education&action=click&pgtype=Homepage&module=well-region&region=bottom-well&WT.nav=bottom-well"
        />
        <Apollo(NewsDetail)
          commentCount={44}
          comments={Array []}
          creationTime={1504740146516}
          hidden={false}
          hiddenCount={0}
          hides={Array []}
          id={1245}
          isFavoriteVisible={false}
          isJobListing={false}
          isPostScrutinyVisible={false}
          key="1245detail"
          submitterId="hvo"
          text={null}
          title="Deep Learning for Siri’s Voice"
          upvoteCount={171}
          upvoted={false}
          upvotes={Array []}
          url="https://www.nytimes.com/2017/08/04/education/edlife/learning-how-to-learn-barbara-oakley.html?hpw&rref=education&action=click&pgtype=Homepage&module=well-region&region=bottom-well&WT.nav=bottom-well"
        />
        <tr
          className="spacer"
          key="1245spacer"
          style={
            Object {
              "height": 5,
            }
          }
        />
        <Apollo(NewsTitle)
          commentCount={44}
          comments={Array []}
          creationTime={1504740146516}
          hidden={false}
          hiddenCount={0}
          hides={Array []}
          id={1246}
          isRankVisible={true}
          isUpvoteVisible={true}
          key="1246title"
          rank={25}
          submitterId="hvo"
          text={null}
          title="I'm giving up on HPKP"
          upvoteCount={171}
          upvoted={false}
          upvotes={Array []}
          url="https://www.nytimes.com/2017/08/04/education/edlife/learning-how-to-learn-barbara-oakley.html?hpw&rref=education&action=click&pgtype=Homepage&module=well-region&region=bottom-well&WT.nav=bottom-well"
        />
        <Apollo(NewsDetail)
          commentCount={44}
          comments={Array []}
          creationTime={1504740146516}
          hidden={false}
          hiddenCount={0}
          hides={Array []}
          id={1246}
          isFavoriteVisible={false}
          isJobListing={false}
          isPostScrutinyVisible={false}
          key="1246detail"
          submitterId="hvo"
          text={null}
          title="I'm giving up on HPKP"
          upvoteCount={171}
          upvoted={false}
          upvotes={Array []}
          url="https://www.nytimes.com/2017/08/04/education/edlife/learning-how-to-learn-barbara-oakley.html?hpw&rref=education&action=click&pgtype=Homepage&module=well-region&region=bottom-well&WT.nav=bottom-well"
        />
        <tr
          className="spacer"
          key="1246spacer"
          style={
            Object {
              "height": 5,
            }
          }
        />
        <Apollo(NewsTitle)
          commentCount={44}
          comments={Array []}
          creationTime={1504740146516}
          hidden={false}
          hiddenCount={0}
          hides={Array []}
          id={1247}
          isRankVisible={true}
          isUpvoteVisible={true}
          key="1247title"
          rank={26}
          submitterId="hvo"
          text={null}
          title="Introducing App Engine Firewall"
          upvoteCount={171}
          upvoted={false}
          upvotes={Array []}
          url="https://www.nytimes.com/2017/08/04/education/edlife/learning-how-to-learn-barbara-oakley.html?hpw&rref=education&action=click&pgtype=Homepage&module=well-region&region=bottom-well&WT.nav=bottom-well"
        />
        <Apollo(NewsDetail)
          commentCount={44}
          comments={Array []}
          creationTime={1504740146516}
          hidden={false}
          hiddenCount={0}
          hides={Array []}
          id={1247}
          isFavoriteVisible={false}
          isJobListing={false}
          isPostScrutinyVisible={false}
          key="1247detail"
          submitterId="hvo"
          text={null}
          title="Introducing App Engine Firewall"
          upvoteCount={171}
          upvoted={false}
          upvotes={Array []}
          url="https://www.nytimes.com/2017/08/04/education/edlife/learning-how-to-learn-barbara-oakley.html?hpw&rref=education&action=click&pgtype=Homepage&module=well-region&region=bottom-well&WT.nav=bottom-well"
        />
        <tr
          className="spacer"
          key="1247spacer"
          style={
            Object {
              "height": 5,
            }
          }
        />
        <Apollo(NewsTitle)
          commentCount={44}
          comments={Array []}
          creationTime={1504740146516}
          hidden={false}
          hiddenCount={0}
          hides={Array []}
          id={1248}
          isRankVisible={true}
          isUpvoteVisible={true}
          key="1248title"
          rank={27}
          submitterId="hvo"
          text={null}
          title="Profiling Internet Users in Africa: Insights from the Google Play Store"
          upvoteCount={171}
          upvoted={false}
          upvotes={Array []}
          url="https://www.nytimes.com/2017/08/04/education/edlife/learning-how-to-learn-barbara-oakley.html?hpw&rref=education&action=click&pgtype=Homepage&module=well-region&region=bottom-well&WT.nav=bottom-well"
        />
        <Apollo(NewsDetail)
          commentCount={44}
          comments={Array []}
          creationTime={1504740146516}
          hidden={false}
          hiddenCount={0}
          hides={Array []}
          id={1248}
          isFavoriteVisible={false}
          isJobListing={false}
          isPostScrutinyVisible={false}
          key="1248detail"
          submitterId="hvo"
          text={null}
          title="Profiling Internet Users in Africa: Insights from the Google Play Store"
          upvoteCount={171}
          upvoted={false}
          upvotes={Array []}
          url="https://www.nytimes.com/2017/08/04/education/edlife/learning-how-to-learn-barbara-oakley.html?hpw&rref=education&action=click&pgtype=Homepage&module=well-region&region=bottom-well&WT.nav=bottom-well"
        />
        <tr
          className="spacer"
          key="1248spacer"
          style={
            Object {
              "height": 5,
            }
          }
        />
        <Apollo(NewsTitle)
          commentCount={44}
          comments={Array []}
          creationTime={1504740146516}
          hidden={false}
          hiddenCount={0}
          hides={Array []}
          id={1249}
          isRankVisible={true}
          isUpvoteVisible={true}
          key="1249title"
          rank={28}
          submitterId="hvo"
          text={null}
          title="Turing.jl: A Fresh Approach to Probabilistic Programming in Julia"
          upvoteCount={171}
          upvoted={false}
          upvotes={Array []}
          url="https://www.nytimes.com/2017/08/04/education/edlife/learning-how-to-learn-barbara-oakley.html?hpw&rref=education&action=click&pgtype=Homepage&module=well-region&region=bottom-well&WT.nav=bottom-well"
        />
        <Apollo(NewsDetail)
          commentCount={44}
          comments={Array []}
          creationTime={1504740146516}
          hidden={false}
          hiddenCount={0}
          hides={Array []}
          id={1249}
          isFavoriteVisible={false}
          isJobListing={false}
          isPostScrutinyVisible={false}
          key="1249detail"
          submitterId="hvo"
          text={null}
          title="Turing.jl: A Fresh Approach to Probabilistic Programming in Julia"
          upvoteCount={171}
          upvoted={false}
          upvotes={Array []}
          url="https://www.nytimes.com/2017/08/04/education/edlife/learning-how-to-learn-barbara-oakley.html?hpw&rref=education&action=click&pgtype=Homepage&module=well-region&region=bottom-well&WT.nav=bottom-well"
        />
        <tr
          className="spacer"
          key="1249spacer"
          style={
            Object {
              "height": 5,
            }
          }
        />
        <Apollo(NewsTitle)
          commentCount={44}
          comments={Array []}
          creationTime={1504740146516}
          hidden={false}
          hiddenCount={0}
          hides={Array []}
          id={1250}
          isRankVisible={true}
          isUpvoteVisible={true}
          key="1250title"
          rank={29}
          submitterId="hvo"
          text={null}
          title="GCC tiny"
          upvoteCount={171}
          upvoted={false}
          upvotes={Array []}
          url="https://www.nytimes.com/2017/08/04/education/edlife/learning-how-to-learn-barbara-oakley.html?hpw&rref=education&action=click&pgtype=Homepage&module=well-region&region=bottom-well&WT.nav=bottom-well"
        />
        <Apollo(NewsDetail)
          commentCount={44}
          comments={Array []}
          creationTime={1504740146516}
          hidden={false}
          hiddenCount={0}
          hides={Array []}
          id={1250}
          isFavoriteVisible={false}
          isJobListing={false}
          isPostScrutinyVisible={false}
          key="1250detail"
          submitterId="hvo"
          text={null}
          title="GCC tiny"
          upvoteCount={171}
          upvoted={false}
          upvotes={Array []}
          url="https://www.nytimes.com/2017/08/04/education/edlife/learning-how-to-learn-barbara-oakley.html?hpw&rref=education&action=click&pgtype=Homepage&module=well-region&region=bottom-well&WT.nav=bottom-well"
        />
        <tr
          className="spacer"
          key="1250spacer"
          style={
            Object {
              "height": 5,
            }
          }
        />
        <Apollo(NewsTitle)
          commentCount={44}
          comments={Array []}
          creationTime={1504740146516}
          hidden={false}
          hiddenCount={0}
          hides={Array []}
          id={1251}
          isRankVisible={true}
          isUpvoteVisible={true}
          key="1251title"
          rank={30}
          submitterId="hvo"
          text={null}
          title="Tesorio is hiring engineers and a product designer to modernize finance teams"
          upvoteCount={171}
          upvoted={false}
          upvotes={Array []}
          url="https://www.nytimes.com/2017/08/04/education/edlife/learning-how-to-learn-barbara-oakley.html?hpw&rref=education&action=click&pgtype=Homepage&module=well-region&region=bottom-well&WT.nav=bottom-well"
        />
        <Apollo(NewsDetail)
          commentCount={44}
          comments={Array []}
          creationTime={1504740146516}
          hidden={false}
          hiddenCount={0}
          hides={Array []}
          id={1251}
          isFavoriteVisible={false}
          isJobListing={false}
          isPostScrutinyVisible={false}
          key="1251detail"
          submitterId="hvo"
          text={null}
          title="Tesorio is hiring engineers and a product designer to modernize finance teams"
          upvoteCount={171}
          upvoted={false}
          upvotes={Array []}
          url="https://www.nytimes.com/2017/08/04/education/edlife/learning-how-to-learn-barbara-oakley.html?hpw&rref=education&action=click&pgtype=Homepage&module=well-region&region=bottom-well&WT.nav=bottom-well"
        />
        <tr
          className="spacer"
          key="1251spacer"
          style={
            Object {
              "height": 5,
            }
          }
        />
        <tr
          className="morespace"
          key="morespace"
          style={
            Object {
              "height": "10px",
            }
          }
        />
        <tr
          key="morelinktr"
        >
          <td
            colSpan="2"
            key="morelinkcolspan"
          />
          <td
            className="title"
            key="morelinktd"
          >
            <a
              className="morelink"
              href="/?p=2"
              key="morelink"
              rel="nofollow"
            >
              More
            </a>
          </td>
        </tr>
      </tbody>
    </table>
  </td>
</tr>
`;
