// Jest Snapshot v1, https://goo.gl/fbAQLP

exports[`NewsFeed component renders news items passed in as props 1`] = `
ShallowWrapper {
  "complexSelector": ComplexSelector {
    "buildPredicate": [Function],
    "childrenOfNode": [Function],
    "findWhereUnwrapped": [Function],
  },
  "length": 1,
  "node": <tr>
    <td
        colSpan="2"
    />
    <td
        className="subtext"
    >
        <span
            className="score"
        >
            171
             points
        </span>
         by 
        <Link
            href="/user?id=hvo"
            prefetch={true}
        >
            <a
                className="hnuser"
            >
                hvo
            </a>
        </Link>
         
        <span
            className="age"
        >
            <Link
                href="/item?id=1224"
                prefetch={true}
            >
                <a>
                    14 days ago
                </a>
            </Link>
        </span>
         | 
        <a
            href="javascript:void(0)"
            onClick={[Function]}
        >
            hide
        </a>
         | 
        <Link
            href="/item?id=1224"
            prefetch={true}
        >
            <a>
                44 comments
            </a>
        </Link>
    </td>
</tr>,
  "nodes": Array [
    <tr>
      <td
            colSpan="2"
      />
      <td
            className="subtext"
      >
            <span
                  className="score"
            >
                  171
                   points
            </span>
             by 
            <Link
                  href="/user?id=hvo"
                  prefetch={true}
            >
                  <a
                        className="hnuser"
                  >
                        hvo
                  </a>
            </Link>
             
            <span
                  className="age"
            >
                  <Link
                        href="/item?id=1224"
                        prefetch={true}
                  >
                        <a>
                              14 days ago
                        </a>
                  </Link>
            </span>
             | 
            <a
                  href="javascript:void(0)"
                  onClick={[Function]}
            >
                  hide
            </a>
             | 
            <Link
                  href="/item?id=1224"
                  prefetch={true}
            >
                  <a>
                        44 comments
                  </a>
            </Link>
      </td>
</tr>,
  ],
  "options": Object {},
  "renderer": ReactShallowRenderer {
    "_instance": ShallowComponentWrapper {
      "_calledComponentWillUnmount": false,
      "_compositeType": 0,
      "_context": Object {},
      "_currentElement": <NewsDetail
        commentCount={44}
        comments={Array []}
        creationTime={1504740146516}
        hidden={false}
        hiddenCount={0}
        hideNewsItem={[Function]}
        hides={Array []}
        id={1224}
        isFavoriteVisible={false}
        isJobListing={false}
        isPostScrutinyVisible={false}
        submitterId="hvo"
        text={null}
        title="“Learning How to Learn,” the most popular course on Coursera"
        upvoteCount={171}
        upvoted={false}
        upvotes={Array []}
        url="https://www.nytimes.com/2017/08/04/education/edlife/learning-how-to-learn-barbara-oakley.html?hpw&rref=education&action=click&pgtype=Homepage&module=well-region&region=bottom-well&WT.nav=bottom-well"
/>,
      "_debugID": 1,
      "_hostContainerInfo": null,
      "_hostParent": null,
      "_instance": NewsDetail {
        "_reactInternalInstance": [Circular],
        "context": Object {},
        "props": Object {
          "commentCount": 44,
          "comments": Array [],
          "creationTime": 1504740146516,
          "hidden": false,
          "hiddenCount": 0,
          "hideNewsItem": [Function],
          "hides": Array [],
          "id": 1224,
          "isFavoriteVisible": false,
          "isJobListing": false,
          "isPostScrutinyVisible": false,
          "submitterId": "hvo",
          "text": null,
          "title": "“Learning How to Learn,” the most popular course on Coursera",
          "upvoteCount": 171,
          "upvoted": false,
          "upvotes": Array [],
          "url": "https://www.nytimes.com/2017/08/04/education/edlife/learning-how-to-learn-barbara-oakley.html?hpw&rref=education&action=click&pgtype=Homepage&module=well-region&region=bottom-well&WT.nav=bottom-well",
        },
        "refs": Object {},
        "state": null,
        "updater": Object {
          "enqueueCallback": [Function],
          "enqueueCallbackInternal": [Function],
          "enqueueElementInternal": [Function],
          "enqueueForceUpdate": [Function],
          "enqueueReplaceState": [Function],
          "enqueueSetState": [Function],
          "isMounted": [Function],
          "validateCallback": [Function],
        },
      },
      "_mountOrder": 1,
      "_pendingCallbacks": null,
      "_pendingElement": null,
      "_pendingForceUpdate": false,
      "_pendingReplaceState": false,
      "_pendingStateQueue": null,
      "_renderedComponent": NoopInternalComponent {
        "_currentElement": <tr>
          <td
                    colSpan="2"
          />
          <td
                    className="subtext"
          >
                    <span
                              className="score"
                    >
                              171
                               points
                    </span>
                     by 
                    <Link
                              href="/user?id=hvo"
                              prefetch={true}
                    >
                              <a
                                        className="hnuser"
                              >
                                        hvo
                              </a>
                    </Link>
                     
                    <span
                              className="age"
                    >
                              <Link
                                        href="/item?id=1224"
                                        prefetch={true}
                              >
                                        <a>
                                                  14 days ago
                                        </a>
                              </Link>
                    </span>
                     | 
                    <a
                              href="javascript:void(0)"
                              onClick={[Function]}
                    >
                              hide
                    </a>
                     | 
                    <Link
                              href="/item?id=1224"
                              prefetch={true}
                    >
                              <a>
                                        44 comments
                              </a>
                    </Link>
          </td>
</tr>,
        "_debugID": 2,
        "_renderedOutput": <tr>
          <td
                    colSpan="2"
          />
          <td
                    className="subtext"
          >
                    <span
                              className="score"
                    >
                              171
                               points
                    </span>
                     by 
                    <Link
                              href="/user?id=hvo"
                              prefetch={true}
                    >
                              <a
                                        className="hnuser"
                              >
                                        hvo
                              </a>
                    </Link>
                     
                    <span
                              className="age"
                    >
                              <Link
                                        href="/item?id=1224"
                                        prefetch={true}
                              >
                                        <a>
                                                  14 days ago
                                        </a>
                              </Link>
                    </span>
                     | 
                    <a
                              href="javascript:void(0)"
                              onClick={[Function]}
                    >
                              hide
                    </a>
                     | 
                    <Link
                              href="/item?id=1224"
                              prefetch={true}
                    >
                              <a>
                                        44 comments
                              </a>
                    </Link>
          </td>
</tr>,
      },
      "_renderedNodeType": 0,
      "_rootNodeID": 0,
      "_topLevelWrapper": null,
      "_updateBatchNumber": null,
      "_warnedAboutRefsInRender": false,
    },
    "getRenderOutput": [Function],
    "render": [Function],
  },
  "root": [Circular],
  "unrendered": <NewsDetail
    commentCount={44}
    comments={Array []}
    creationTime={1504740146516}
    hidden={false}
    hiddenCount={0}
    hideNewsItem={[Function]}
    hides={Array []}
    id={1224}
    isFavoriteVisible={false}
    isJobListing={false}
    isPostScrutinyVisible={false}
    submitterId="hvo"
    text={null}
    title="“Learning How to Learn,” the most popular course on Coursera"
    upvoteCount={171}
    upvoted={false}
    upvotes={Array []}
    url="https://www.nytimes.com/2017/08/04/education/edlife/learning-how-to-learn-barbara-oakley.html?hpw&rref=education&action=click&pgtype=Homepage&module=well-region&region=bottom-well&WT.nav=bottom-well"
/>,
}
`;
