// Jest Snapshot v1, https://goo.gl/fbAQLP

exports[`NewsFeed component renders news items passed in as props 1`] = `
<tr>
  <td
    colSpan="2"
  />
  <td
    className="subtext"
  >
    <span
      className="score"
    >
      171
       points
    </span>
     by 
    <Link
      href="/user?id=hvo"
      prefetch={true}
    >
      <a
        className="hnuser"
      >
        hvo
      </a>
    </Link>
     
    <span
      className="age"
    >
      <Link
        href="/item?id=1224"
        prefetch={true}
      >
        <a>
          14 days ago
        </a>
      </Link>
    </span>
     | 
    <a
      href="javascript:void(0)"
      onClick={[Function]}
    >
      hide
    </a>
     | 
    <Link
      href="/item?id=1224"
      prefetch={true}
    >
      <a>
        44 comments
      </a>
    </Link>
  </td>
</tr>
`;
