// Jest Snapshot v1, https://goo.gl/fbAQLP

exports[`NewsTitle component renders news item properties passed in as props 1`] = `
ShallowWrapper {
  "complexSelector": ComplexSelector {
    "buildPredicate": [Function],
    "childrenOfNode": [Function],
    "findWhereUnwrapped": [Function],
  },
  "length": 1,
  "node": <NewsTitle
    commentCount={44}
    comments={Array []}
    creationTime={1504740146516}
    hidden={false}
    hiddenCount={0}
    hides={Array []}
    id={1224}
    isRankVisible={true}
    isUpvoteVisible={true}
    rank={1}
    submitterId="hvo"
    text={null}
    title="“Learning How to Learn,” the most popular course on Coursera"
    upvoteCount={171}
    upvoteNewsItem={[Function]}
    upvoted={false}
    upvotes={Array []}
    url="https://www.nytimes.com/2017/08/04/education/edlife/learning-how-to-learn-barbara-oakley.html?hpw&rref=education&action=click&pgtype=Homepage&module=well-region&region=bottom-well&WT.nav=bottom-well"
/>,
  "nodes": Array [
    <NewsTitle
      commentCount={44}
      comments={Array []}
      creationTime={1504740146516}
      hidden={false}
      hiddenCount={0}
      hides={Array []}
      id={1224}
      isRankVisible={true}
      isUpvoteVisible={true}
      rank={1}
      submitterId="hvo"
      text={null}
      title="“Learning How to Learn,” the most popular course on Coursera"
      upvoteCount={171}
      upvoteNewsItem={[Function]}
      upvoted={false}
      upvotes={Array []}
      url="https://www.nytimes.com/2017/08/04/education/edlife/learning-how-to-learn-barbara-oakley.html?hpw&rref=education&action=click&pgtype=Homepage&module=well-region&region=bottom-well&WT.nav=bottom-well"
/>,
  ],
  "options": Object {},
  "renderer": ReactShallowRenderer {
    "_instance": ShallowComponentWrapper {
      "_calledComponentWillUnmount": false,
      "_compositeType": 0,
      "_context": Object {},
      "_currentElement": <Apollo(NewsTitle)
        commentCount={44}
        comments={Array []}
        creationTime={1504740146516}
        hidden={false}
        hiddenCount={0}
        hides={Array []}
        id={1224}
        isRankVisible={true}
        rank={1}
        submitterId="hvo"
        text={null}
        title="“Learning How to Learn,” the most popular course on Coursera"
        upvoteCount={171}
        upvoted={false}
        upvotes={Array []}
        url="https://www.nytimes.com/2017/08/04/education/edlife/learning-how-to-learn-barbara-oakley.html?hpw&rref=education&action=click&pgtype=Homepage&module=well-region&region=bottom-well&WT.nav=bottom-well"
/>,
      "_debugID": 1,
      "_hostContainerInfo": null,
      "_hostParent": null,
      "_instance": GraphQL {
        "_reactInternalInstance": [Circular],
        "context": Object {
          "client": undefined,
          "getQueryRecycler": undefined,
        },
        "dataForChildViaMutation": [Function],
        "previousData": Object {},
        "props": Object {
          "commentCount": 44,
          "comments": Array [],
          "creationTime": 1504740146516,
          "hidden": false,
          "hiddenCount": 0,
          "hides": Array [],
          "id": 1224,
          "isRankVisible": true,
          "rank": 1,
          "submitterId": "hvo",
          "text": null,
          "title": "“Learning How to Learn,” the most popular course on Coursera",
          "upvoteCount": 171,
          "upvoted": false,
          "upvotes": Array [],
          "url": "https://www.nytimes.com/2017/08/04/education/edlife/learning-how-to-learn-barbara-oakley.html?hpw&rref=education&action=click&pgtype=Homepage&module=well-region&region=bottom-well&WT.nav=bottom-well",
        },
        "refs": Object {},
        "renderedElement": <NewsTitle
          commentCount={44}
          comments={Array []}
          creationTime={1504740146516}
          hidden={false}
          hiddenCount={0}
          hides={Array []}
          id={1224}
          isRankVisible={true}
          isUpvoteVisible={true}
          rank={1}
          submitterId="hvo"
          text={null}
          title="“Learning How to Learn,” the most popular course on Coursera"
          upvoteCount={171}
          upvoteNewsItem={[Function]}
          upvoted={false}
          upvotes={Array []}
          url="https://www.nytimes.com/2017/08/04/education/edlife/learning-how-to-learn-barbara-oakley.html?hpw&rref=education&action=click&pgtype=Homepage&module=well-region&region=bottom-well&WT.nav=bottom-well"
/>,
        "setWrappedInstance": [Function],
        "shouldRerender": false,
        "state": null,
        "type": 1,
        "updater": Object {
          "enqueueCallback": [Function],
          "enqueueCallbackInternal": [Function],
          "enqueueElementInternal": [Function],
          "enqueueForceUpdate": [Function],
          "enqueueReplaceState": [Function],
          "enqueueSetState": [Function],
          "isMounted": [Function],
          "validateCallback": [Function],
        },
        "version": 0,
      },
      "_mountOrder": 1,
      "_pendingCallbacks": null,
      "_pendingElement": null,
      "_pendingForceUpdate": false,
      "_pendingReplaceState": false,
      "_pendingStateQueue": null,
      "_renderedComponent": NoopInternalComponent {
        "_currentElement": <NewsTitle
          commentCount={44}
          comments={Array []}
          creationTime={1504740146516}
          hidden={false}
          hiddenCount={0}
          hides={Array []}
          id={1224}
          isRankVisible={true}
          isUpvoteVisible={true}
          rank={1}
          submitterId="hvo"
          text={null}
          title="“Learning How to Learn,” the most popular course on Coursera"
          upvoteCount={171}
          upvoteNewsItem={[Function]}
          upvoted={false}
          upvotes={Array []}
          url="https://www.nytimes.com/2017/08/04/education/edlife/learning-how-to-learn-barbara-oakley.html?hpw&rref=education&action=click&pgtype=Homepage&module=well-region&region=bottom-well&WT.nav=bottom-well"
/>,
        "_debugID": 2,
        "_renderedOutput": <NewsTitle
          commentCount={44}
          comments={Array []}
          creationTime={1504740146516}
          hidden={false}
          hiddenCount={0}
          hides={Array []}
          id={1224}
          isRankVisible={true}
          isUpvoteVisible={true}
          rank={1}
          submitterId="hvo"
          text={null}
          title="“Learning How to Learn,” the most popular course on Coursera"
          upvoteCount={171}
          upvoteNewsItem={[Function]}
          upvoted={false}
          upvotes={Array []}
          url="https://www.nytimes.com/2017/08/04/education/edlife/learning-how-to-learn-barbara-oakley.html?hpw&rref=education&action=click&pgtype=Homepage&module=well-region&region=bottom-well&WT.nav=bottom-well"
/>,
      },
      "_renderedNodeType": 1,
      "_rootNodeID": 0,
      "_topLevelWrapper": null,
      "_updateBatchNumber": null,
      "_warnedAboutRefsInRender": false,
    },
    "getRenderOutput": [Function],
    "render": [Function],
  },
  "root": [Circular],
  "unrendered": <Apollo(NewsTitle)
    commentCount={44}
    comments={Array []}
    creationTime={1504740146516}
    hidden={false}
    hiddenCount={0}
    hides={Array []}
    id={1224}
    isRankVisible={true}
    rank={1}
    submitterId="hvo"
    text={null}
    title="“Learning How to Learn,” the most popular course on Coursera"
    upvoteCount={171}
    upvoted={false}
    upvotes={Array []}
    url="https://www.nytimes.com/2017/08/04/education/edlife/learning-how-to-learn-barbara-oakley.html?hpw&rref=education&action=click&pgtype=Homepage&module=well-region&region=bottom-well&WT.nav=bottom-well"
/>,
}
`;
